// Jest Snapshot v1, https://goo.gl/fbAQLP

exports[`should render App should be able to mount the component 1`] = `
<div>
  Hello World
</div>
`;
